The ``101-lazy_matrix_mul`` module
======================

Using ``lazy_matrix_mul``
-------------------
>>> lazy_matrix_mul = __import__('101-lazy_matrix_mul').lazy_matrix_mul

>>> lazy_matrix_mul([[1, 2], [3, 4]], [[1, 2], [3, 4]])
array([[ 7, 10],
       [15, 22]])

>>> lazy_matrix_mul([[1, 2]], [[3, 4], [5, 6]])
array([[13, 16]])

>>> lazy_matrix_mul("5", [1, 2])
Traceback (most recent call last):
    ...
TypeError: m_a must be a list

>>> lazy_matrix_mul([[5], [4]], 5.6)
Traceback (most recent call last):
    ...
TypeError: m_b must be a list

>>> lazy_matrix_mul([[5], [4]], [])
Traceback (most recent call last):
    ...
ValueError: m_b can't be empty

>>> lazy_matrix_mul([[5], 4], 5.6)
Traceback (most recent call last):
    ...
TypeError: m_a must be a list of lists

>>> lazy_matrix_mul([[[5]], [4]], 5.6)
Traceback (most recent call last):
    ...
TypeError: m_a should contain only integers or floats

>>> lazy_matrix_mul([[5, 4], [4]], 5.6)
Traceback (most recent call last):
    ...
TypeError: each row of m_a must be of the same size

>>> lazy_matrix_mul([[5, 4], [4, 6]], [[5, 4], [4, 6], [7, 9]])
Traceback (most recent call last):
    ...
ValueError: shapes (2,2) and (3,2) not aligned: 2 (dim 1) != 3 (dim 0)
